node.exe : [31m[1mError[22m[39m [31m[1mHH1:[22m[39m You are not 
inside a Hardhat project.
At line:1 char:1
+ & "C:\Program Files\nodejs/node.exe" "C:\Program Files\nodejs/node_mo ...
+ ~~~~~~~~~~~~~~~~~~~~~~~~~~~~~~~~~~~~~~~~~~~~~~~~~~~~~~~~~~~~~~~~~~~~~
    + CategoryInfo          : NotSpecified: ([31m[1mError...ardhat proj 
   ect.:String) [], RemoteException
    + FullyQualifiedErrorId : NativeCommandError
 

For more info go to https://v2.hardhat.org/HH1 or run Hardhat with 
--show-stack-traces
