Sending OTP request to local backend...
node : Γ¥î Error 
testing OTP:
At line:1 char:1
+ node test-otp.js > 
test_output.txt 2>&1 
; cat test_output.txt
+ ~~~~~~~~~~~~~~~~~~~~
~~~~~~~~~~~~~~~~~~~
    + CategoryInfo    
          : NotSpeci  
  fied: (Γ¥î Error    
 testing OTP::Stri    
ng) [], RemoteExc    
eption
    + FullyQualifiedE 
   rrorId : NativeCo  
  mmandError
 

